14:12:07 **** Incremental Build of configuration Debug for project BT_CUOIKY ****
make -j12 all 
arm-none-eabi-gcc "../Core/Src/main.c" -mcpu=cortex-m3 -std=gnu11 -g3 -DDEBUG -DUSE_HAL_DRIVER -DSTM32F103xB -c -I../Core/Inc -I../Drivers/STM32F1xx_HAL_Driver/Inc -I../Drivers/STM32F1xx_HAL_Driver/Inc/Legacy -I../Drivers/CMSIS/Device/ST/STM32F1xx/Include -I../Drivers/CMSIS/Include -O0 -ffunction-sections -fdata-sections -Wall -fstack-usage -MMD -MP -MF"Core/Src/main.d" -MT"Core/Src/main.o" --specs=nano.specs -mfloat-abi=soft -mthumb -o "Core/Src/main.o"
arm-none-eabi-gcc -o "BT_CUOIKY.elf" @"objects.list"   -mcpu=cortex-m3 -T"C:\Users\TUAN ANH\STM32CubeIDE\workspace_1.7.0\BT_CUOIKY\STM32F103C8TX_FLASH.ld" --specs=nosys.specs -Wl,-Map="BT_CUOIKY.map" -Wl,--gc-sections -static --specs=nano.specs -mfloat-abi=soft -mthumb -u _printf_float -Wl,--start-group -lc -lm -Wl,--end-group
Finished building target: BT_CUOIKY.elf
 
arm-none-eabi-size   BT_CUOIKY.elf 
arm-none-eabi-objdump -h -S  BT_CUOIKY.elf  > "BT_CUOIKY.list"
arm-none-eabi-objcopy  -O ihex  BT_CUOIKY.elf  "BT_CUOIKY.hex"
arm-none-eabi-objcopy  -O binary  BT_CUOIKY.elf  "BT_CUOIKY.bin"
   text	   data	    bss	    dec	    hex	filename
  29804	    484	   1884	  32172	   7dac	BT_CUOIKY.elf
Finished building: default.size.stdout
 
Finished building: BT_CUOIKY.list
 
Finished building: BT_CUOIKY.bin
 
Finished building: BT_CUOIKY.hex
 

14:12:19 Build Finished. 0 errors, 0 warnings. (took 12s.326ms)

