09:37:32 **** Clean-only build of configuration Debug for project Nhom2_GPIO ****
make -j12 clean 
rm -rf  default.size.stdout  Nhom2_GPIO.list  Nhom2_GPIO.elf  ./Startup/startup_stm32f401retx.o  ./Src/syscalls.o ./Src/sysmem.o  ./SDK_1.0.3_NUCLEO-F401RE/shared/Utilities/buff.o ./SDK_1.0.3_NUCLEO-F401RE/shared/Utilities/utilities.o  ./SDK_1.0.3_NUCLEO-F401RE/shared/Drivers/STM32F401RE_StdPeriph_Driver/src/stm32f401re_rcc.o  ./SDK_1.0.3_NUCLEO-F401RE/shared/Drivers/CMSIS/Source/system_stm32f4xx.o  ./Startup/startup_stm32f401retx.d  ./Src/syscalls.d ./Src/sysmem.d  ./SDK_1.0.3_NUCLEO-F401RE/shared/Utilities/buff.d ./SDK_1.0.3_NUCLEO-F401RE/shared/Utilities/utilities.d  ./SDK_1.0.3_NUCLEO-F401RE/shared/Drivers/STM32F401RE_StdPeriph_Driver/src/stm32f401re_rcc.d  ./SDK_1.0.3_NUCLEO-F401RE/shared/Drivers/CMSIS/Source/system_stm32f4xx.d  Nhom2_GPIO.bin  Nhom2_GPIO.elf
 
09:37:32 **** Incremental Build of configuration Debug for project Nhom2_GPIO ****
make -j12 all 
arm-none-eabi-gcc -mcpu=cortex-m4 -g3 -DDEBUG -c -x assembler-with-cpp -MMD -MP -MF"Startup/startup_stm32f401retx.d" -MT"Startup/startup_stm32f401retx.o" --specs=nano.specs -mfpu=fpv4-sp-d16 -mfloat-abi=hard -mthumb -o "Startup/startup_stm32f401retx.o" "../Startup/startup_stm32f401retx.s"
arm-none-eabi-gcc "../Src/bai1.c" -mcpu=cortex-m4 -std=gnu11 -g3 -DDEBUG -DNUCLEO_F401RE -DSTM32 -DSTM32F401RETx -DSTM32F4 -c -I../Inc -I"E:/HK2_Nam3/TTCS_THoa/SDK_1.0.3_NUCLEO-F401RE-20260119T004621Z-1-003/SDK_1.0.3_NUCLEO-F401RE/shared/Drivers/CMSIS/Include" -I"E:/HK2_Nam3/TTCS_THoa/SDK_1.0.3_NUCLEO-F401RE-20260119T004621Z-1-003/SDK_1.0.3_NUCLEO-F401RE/shared/Drivers/STM32F401RE_StdPeriph_Driver/inc" -I"E:/HK2_Nam3/TTCS_THoa/SDK_1.0.3_NUCLEO-F401RE-20260119T004621Z-1-003/SDK_1.0.3_NUCLEO-F401RE/shared/Middle/button" -I"E:/HK2_Nam3/TTCS_THoa/SDK_1.0.3_NUCLEO-F401RE-20260119T004621Z-1-003/SDK_1.0.3_NUCLEO-F401RE/shared/Middle/buzzer" -I"E:/HK2_Nam3/TTCS_THoa/SDK_1.0.3_NUCLEO-F401RE-20260119T004621Z-1-003/SDK_1.0.3_NUCLEO-F401RE/shared/Middle/led" -I"E:/HK2_Nam3/TTCS_THoa/SDK_1.0.3_NUCLEO-F401RE-20260119T004621Z-1-003/SDK_1.0.3_NUCLEO-F401RE/shared/Middle/rtos" -I"E:/HK2_Nam3/TTCS_THoa/SDK_1.0.3_NUCLEO-F401RE-20260119T004621Z-1-003/SDK_1.0.3_NUCLEO-F401RE/shared/Middle/sensor" -I"E:/HK2_Nam3/TTCS_THoa/SDK_1.0.3_NUCLEO-F401RE-20260119T004621Z-1-003/SDK_1.0.3_NUCLEO-F401RE/shared/Middle/serial" -I"E:/HK2_Nam3/TTCS_THoa/SDK_1.0.3_NUCLEO-F401RE-20260119T004621Z-1-003/SDK_1.0.3_NUCLEO-F401RE/shared/Middle/ucglib" -I"E:/HK2_Nam3/TTCS_THoa/SDK_1.0.3_NUCLEO-F401RE-20260119T004621Z-1-003/SDK_1.0.3_NUCLEO-F401RE/shared/Utilities" -O0 -ffunction-sections -fdata-sections -Wall -fstack-usage -MMD -MP -MF"Src/bai1.d" -MT"Src/bai1.o" --specs=nano.specs -mfpu=fpv4-sp-d16 -mfloat-abi=hard -mthumb -o "Src/bai1.o"
arm-none-eabi-gcc "../Src/syscalls.c" -mcpu=cortex-m4 -std=gnu11 -g3 -DDEBUG -DNUCLEO_F401RE -DSTM32 -DSTM32F401RETx -DSTM32F4 -c -I../Inc -I"E:/HK2_Nam3/TTCS_THoa/SDK_1.0.3_NUCLEO-F401RE-20260119T004621Z-1-003/SDK_1.0.3_NUCLEO-F401RE/shared/Drivers/CMSIS/Include" -I"E:/HK2_Nam3/TTCS_THoa/SDK_1.0.3_NUCLEO-F401RE-20260119T004621Z-1-003/SDK_1.0.3_NUCLEO-F401RE/shared/Drivers/STM32F401RE_StdPeriph_Driver/inc" -I"E:/HK2_Nam3/TTCS_THoa/SDK_1.0.3_NUCLEO-F401RE-20260119T004621Z-1-003/SDK_1.0.3_NUCLEO-F401RE/shared/Middle/button" -I"E:/HK2_Nam3/TTCS_THoa/SDK_1.0.3_NUCLEO-F401RE-20260119T004621Z-1-003/SDK_1.0.3_NUCLEO-F401RE/shared/Middle/buzzer" -I"E:/HK2_Nam3/TTCS_THoa/SDK_1.0.3_NUCLEO-F401RE-20260119T004621Z-1-003/SDK_1.0.3_NUCLEO-F401RE/shared/Middle/led" -I"E:/HK2_Nam3/TTCS_THoa/SDK_1.0.3_NUCLEO-F401RE-20260119T004621Z-1-003/SDK_1.0.3_NUCLEO-F401RE/shared/Middle/rtos" -I"E:/HK2_Nam3/TTCS_THoa/SDK_1.0.3_NUCLEO-F401RE-20260119T004621Z-1-003/SDK_1.0.3_NUCLEO-F401RE/shared/Middle/sensor" -I"E:/HK2_Nam3/TTCS_THoa/SDK_1.0.3_NUCLEO-F401RE-20260119T004621Z-1-003/SDK_1.0.3_NUCLEO-F401RE/shared/Middle/serial" -I"E:/HK2_Nam3/TTCS_THoa/SDK_1.0.3_NUCLEO-F401RE-20260119T004621Z-1-003/SDK_1.0.3_NUCLEO-F401RE/shared/Middle/ucglib" -I"E:/HK2_Nam3/TTCS_THoa/SDK_1.0.3_NUCLEO-F401RE-20260119T004621Z-1-003/SDK_1.0.3_NUCLEO-F401RE/shared/Utilities" -O0 -ffunction-sections -fdata-sections -Wall -fstack-usage -MMD -MP -MF"Src/syscalls.d" -MT"Src/syscalls.o" --specs=nano.specs -mfpu=fpv4-sp-d16 -mfloat-abi=hard -mthumb -o "Src/syscalls.o"
arm-none-eabi-gcc "../Src/sysmem.c" -mcpu=cortex-m4 -std=gnu11 -g3 -DDEBUG -DNUCLEO_F401RE -DSTM32 -DSTM32F401RETx -DSTM32F4 -c -I../Inc -I"E:/HK2_Nam3/TTCS_THoa/SDK_1.0.3_NUCLEO-F401RE-20260119T004621Z-1-003/SDK_1.0.3_NUCLEO-F401RE/shared/Drivers/CMSIS/Include" -I"E:/HK2_Nam3/TTCS_THoa/SDK_1.0.3_NUCLEO-F401RE-20260119T004621Z-1-003/SDK_1.0.3_NUCLEO-F401RE/shared/Drivers/STM32F401RE_StdPeriph_Driver/inc" -I"E:/HK2_Nam3/TTCS_THoa/SDK_1.0.3_NUCLEO-F401RE-20260119T004621Z-1-003/SDK_1.0.3_NUCLEO-F401RE/shared/Middle/button" -I"E:/HK2_Nam3/TTCS_THoa/SDK_1.0.3_NUCLEO-F401RE-20260119T004621Z-1-003/SDK_1.0.3_NUCLEO-F401RE/shared/Middle/buzzer" -I"E:/HK2_Nam3/TTCS_THoa/SDK_1.0.3_NUCLEO-F401RE-20260119T004621Z-1-003/SDK_1.0.3_NUCLEO-F401RE/shared/Middle/led" -I"E:/HK2_Nam3/TTCS_THoa/SDK_1.0.3_NUCLEO-F401RE-20260119T004621Z-1-003/SDK_1.0.3_NUCLEO-F401RE/shared/Middle/rtos" -I"E:/HK2_Nam3/TTCS_THoa/SDK_1.0.3_NUCLEO-F401RE-20260119T004621Z-1-003/SDK_1.0.3_NUCLEO-F401RE/shared/Middle/sensor" -I"E:/HK2_Nam3/TTCS_THoa/SDK_1.0.3_NUCLEO-F401RE-20260119T004621Z-1-003/SDK_1.0.3_NUCLEO-F401RE/shared/Middle/serial" -I"E:/HK2_Nam3/TTCS_THoa/SDK_1.0.3_NUCLEO-F401RE-20260119T004621Z-1-003/SDK_1.0.3_NUCLEO-F401RE/shared/Middle/ucglib" -I"E:/HK2_Nam3/TTCS_THoa/SDK_1.0.3_NUCLEO-F401RE-20260119T004621Z-1-003/SDK_1.0.3_NUCLEO-F401RE/shared/Utilities" -O0 -ffunction-sections -fdata-sections -Wall -fstack-usage -MMD -MP -MF"Src/sysmem.d" -MT"Src/sysmem.o" --specs=nano.specs -mfpu=fpv4-sp-d16 -mfloat-abi=hard -mthumb -o "Src/sysmem.o"
arm-none-eabi-gcc "E:/HK2_Nam3/TTCS_THoa/SDK_1.0.3_NUCLEO-F401RE-20260119T004621Z-1-003/SDK_1.0.3_NUCLEO-F401RE/shared/Utilities/buff.c" -mcpu=cortex-m4 -std=gnu11 -g3 -DDEBUG -DNUCLEO_F401RE -DSTM32 -DSTM32F401RETx -DSTM32F4 -c -I../Inc -I"E:/HK2_Nam3/TTCS_THoa/SDK_1.0.3_NUCLEO-F401RE-20260119T004621Z-1-003/SDK_1.0.3_NUCLEO-F401RE/shared/Drivers/CMSIS/Include" -I"E:/HK2_Nam3/TTCS_THoa/SDK_1.0.3_NUCLEO-F401RE-20260119T004621Z-1-003/SDK_1.0.3_NUCLEO-F401RE/shared/Drivers/STM32F401RE_StdPeriph_Driver/inc" -I"E:/HK2_Nam3/TTCS_THoa/SDK_1.0.3_NUCLEO-F401RE-20260119T004621Z-1-003/SDK_1.0.3_NUCLEO-F401RE/shared/Middle/button" -I"E:/HK2_Nam3/TTCS_THoa/SDK_1.0.3_NUCLEO-F401RE-20260119T004621Z-1-003/SDK_1.0.3_NUCLEO-F401RE/shared/Middle/buzzer" -I"E:/HK2_Nam3/TTCS_THoa/SDK_1.0.3_NUCLEO-F401RE-20260119T004621Z-1-003/SDK_1.0.3_NUCLEO-F401RE/shared/Middle/led" -I"E:/HK2_Nam3/TTCS_THoa/SDK_1.0.3_NUCLEO-F401RE-20260119T004621Z-1-003/SDK_1.0.3_NUCLEO-F401RE/shared/Middle/rtos" -I"E:/HK2_Nam3/TTCS_THoa/SDK_1.0.3_NUCLEO-F401RE-20260119T004621Z-1-003/SDK_1.0.3_NUCLEO-F401RE/shared/Middle/sensor" -I"E:/HK2_Nam3/TTCS_THoa/SDK_1.0.3_NUCLEO-F401RE-20260119T004621Z-1-003/SDK_1.0.3_NUCLEO-F401RE/shared/Middle/serial" -I"E:/HK2_Nam3/TTCS_THoa/SDK_1.0.3_NUCLEO-F401RE-20260119T004621Z-1-003/SDK_1.0.3_NUCLEO-F401RE/shared/Middle/ucglib" -I"E:/HK2_Nam3/TTCS_THoa/SDK_1.0.3_NUCLEO-F401RE-20260119T004621Z-1-003/SDK_1.0.3_NUCLEO-F401RE/shared/Utilities" -O0 -ffunction-sections -fdata-sections -Wall -fstack-usage -MMD -MP -MF"SDK_1.0.3_NUCLEO-F401RE/shared/Utilities/buff.d" -MT"SDK_1.0.3_NUCLEO-F401RE/shared/Utilities/buff.o" --specs=nano.specs -mfpu=fpv4-sp-d16 -mfloat-abi=hard -mthumb -o "SDK_1.0.3_NUCLEO-F401RE/shared/Utilities/buff.o"
arm-none-eabi-gcc "E:/HK2_Nam3/TTCS_THoa/SDK_1.0.3_NUCLEO-F401RE-20260119T004621Z-1-003/SDK_1.0.3_NUCLEO-F401RE/shared/Utilities/utilities.c" -mcpu=cortex-m4 -std=gnu11 -g3 -DDEBUG -DNUCLEO_F401RE -DSTM32 -DSTM32F401RETx -DSTM32F4 -c -I../Inc -I"E:/HK2_Nam3/TTCS_THoa/SDK_1.0.3_NUCLEO-F401RE-20260119T004621Z-1-003/SDK_1.0.3_NUCLEO-F401RE/shared/Drivers/CMSIS/Include" -I"E:/HK2_Nam3/TTCS_THoa/SDK_1.0.3_NUCLEO-F401RE-20260119T004621Z-1-003/SDK_1.0.3_NUCLEO-F401RE/shared/Drivers/STM32F401RE_StdPeriph_Driver/inc" -I"E:/HK2_Nam3/TTCS_THoa/SDK_1.0.3_NUCLEO-F401RE-20260119T004621Z-1-003/SDK_1.0.3_NUCLEO-F401RE/shared/Middle/button" -I"E:/HK2_Nam3/TTCS_THoa/SDK_1.0.3_NUCLEO-F401RE-20260119T004621Z-1-003/SDK_1.0.3_NUCLEO-F401RE/shared/Middle/buzzer" -I"E:/HK2_Nam3/TTCS_THoa/SDK_1.0.3_NUCLEO-F401RE-20260119T004621Z-1-003/SDK_1.0.3_NUCLEO-F401RE/shared/Middle/led" -I"E:/HK2_Nam3/TTCS_THoa/SDK_1.0.3_NUCLEO-F401RE-20260119T004621Z-1-003/SDK_1.0.3_NUCLEO-F401RE/shared/Middle/rtos" -I"E:/HK2_Nam3/TTCS_THoa/SDK_1.0.3_NUCLEO-F401RE-20260119T004621Z-1-003/SDK_1.0.3_NUCLEO-F401RE/shared/Middle/sensor" -I"E:/HK2_Nam3/TTCS_THoa/SDK_1.0.3_NUCLEO-F401RE-20260119T004621Z-1-003/SDK_1.0.3_NUCLEO-F401RE/shared/Middle/serial" -I"E:/HK2_Nam3/TTCS_THoa/SDK_1.0.3_NUCLEO-F401RE-20260119T004621Z-1-003/SDK_1.0.3_NUCLEO-F401RE/shared/Middle/ucglib" -I"E:/HK2_Nam3/TTCS_THoa/SDK_1.0.3_NUCLEO-F401RE-20260119T004621Z-1-003/SDK_1.0.3_NUCLEO-F401RE/shared/Utilities" -O0 -ffunction-sections -fdata-sections -Wall -fstack-usage -MMD -MP -MF"SDK_1.0.3_NUCLEO-F401RE/shared/Utilities/utilities.d" -MT"SDK_1.0.3_NUCLEO-F401RE/shared/Utilities/utilities.o" --specs=nano.specs -mfpu=fpv4-sp-d16 -mfloat-abi=hard -mthumb -o "SDK_1.0.3_NUCLEO-F401RE/shared/Utilities/utilities.o"
arm-none-eabi-gcc "E:/HK2_Nam3/TTCS_THoa/SDK_1.0.3_NUCLEO-F401RE-20260119T004621Z-1-003/SDK_1.0.3_NUCLEO-F401RE/shared/Drivers/STM32F401RE_StdPeriph_Driver/src/stm32f401re_rcc.c" -mcpu=cortex-m4 -std=gnu11 -g3 -DDEBUG -DNUCLEO_F401RE -DSTM32 -DSTM32F401RETx -DSTM32F4 -c -I../Inc -I"E:/HK2_Nam3/TTCS_THoa/SDK_1.0.3_NUCLEO-F401RE-20260119T004621Z-1-003/SDK_1.0.3_NUCLEO-F401RE/shared/Drivers/CMSIS/Include" -I"E:/HK2_Nam3/TTCS_THoa/SDK_1.0.3_NUCLEO-F401RE-20260119T004621Z-1-003/SDK_1.0.3_NUCLEO-F401RE/shared/Drivers/STM32F401RE_StdPeriph_Driver/inc" -I"E:/HK2_Nam3/TTCS_THoa/SDK_1.0.3_NUCLEO-F401RE-20260119T004621Z-1-003/SDK_1.0.3_NUCLEO-F401RE/shared/Middle/button" -I"E:/HK2_Nam3/TTCS_THoa/SDK_1.0.3_NUCLEO-F401RE-20260119T004621Z-1-003/SDK_1.0.3_NUCLEO-F401RE/shared/Middle/buzzer" -I"E:/HK2_Nam3/TTCS_THoa/SDK_1.0.3_NUCLEO-F401RE-20260119T004621Z-1-003/SDK_1.0.3_NUCLEO-F401RE/shared/Middle/led" -I"E:/HK2_Nam3/TTCS_THoa/SDK_1.0.3_NUCLEO-F401RE-20260119T004621Z-1-003/SDK_1.0.3_NUCLEO-F401RE/shared/Middle/rtos" -I"E:/HK2_Nam3/TTCS_THoa/SDK_1.0.3_NUCLEO-F401RE-20260119T004621Z-1-003/SDK_1.0.3_NUCLEO-F401RE/shared/Middle/sensor" -I"E:/HK2_Nam3/TTCS_THoa/SDK_1.0.3_NUCLEO-F401RE-20260119T004621Z-1-003/SDK_1.0.3_NUCLEO-F401RE/shared/Middle/serial" -I"E:/HK2_Nam3/TTCS_THoa/SDK_1.0.3_NUCLEO-F401RE-20260119T004621Z-1-003/SDK_1.0.3_NUCLEO-F401RE/shared/Middle/ucglib" -I"E:/HK2_Nam3/TTCS_THoa/SDK_1.0.3_NUCLEO-F401RE-20260119T004621Z-1-003/SDK_1.0.3_NUCLEO-F401RE/shared/Utilities" -O0 -ffunction-sections -fdata-sections -Wall -fstack-usage -MMD -MP -MF"SDK_1.0.3_NUCLEO-F401RE/shared/Drivers/STM32F401RE_StdPeriph_Driver/src/stm32f401re_rcc.d" -MT"SDK_1.0.3_NUCLEO-F401RE/shared/Drivers/STM32F401RE_StdPeriph_Driver/src/stm32f401re_rcc.o" --specs=nano.specs -mfpu=fpv4-sp-d16 -mfloat-abi=hard -mthumb -o "SDK_1.0.3_NUCLEO-F401RE/shared/Drivers/STM32F401RE_StdPeriph_Driver/src/stm32f401re_rcc.o"
arm-none-eabi-gcc "E:/HK2_Nam3/TTCS_THoa/SDK_1.0.3_NUCLEO-F401RE-20260119T004621Z-1-003/SDK_1.0.3_NUCLEO-F401RE/shared/Drivers/CMSIS/Source/system_stm32f4xx.c" -mcpu=cortex-m4 -std=gnu11 -g3 -DDEBUG -DNUCLEO_F401RE -DSTM32 -DSTM32F401RETx -DSTM32F4 -c -I../Inc -I"E:/HK2_Nam3/TTCS_THoa/SDK_1.0.3_NUCLEO-F401RE-20260119T004621Z-1-003/SDK_1.0.3_NUCLEO-F401RE/shared/Drivers/CMSIS/Include" -I"E:/HK2_Nam3/TTCS_THoa/SDK_1.0.3_NUCLEO-F401RE-20260119T004621Z-1-003/SDK_1.0.3_NUCLEO-F401RE/shared/Drivers/STM32F401RE_StdPeriph_Driver/inc" -I"E:/HK2_Nam3/TTCS_THoa/SDK_1.0.3_NUCLEO-F401RE-20260119T004621Z-1-003/SDK_1.0.3_NUCLEO-F401RE/shared/Middle/button" -I"E:/HK2_Nam3/TTCS_THoa/SDK_1.0.3_NUCLEO-F401RE-20260119T004621Z-1-003/SDK_1.0.3_NUCLEO-F401RE/shared/Middle/buzzer" -I"E:/HK2_Nam3/TTCS_THoa/SDK_1.0.3_NUCLEO-F401RE-20260119T004621Z-1-003/SDK_1.0.3_NUCLEO-F401RE/shared/Middle/led" -I"E:/HK2_Nam3/TTCS_THoa/SDK_1.0.3_NUCLEO-F401RE-20260119T004621Z-1-003/SDK_1.0.3_NUCLEO-F401RE/shared/Middle/rtos" -I"E:/HK2_Nam3/TTCS_THoa/SDK_1.0.3_NUCLEO-F401RE-20260119T004621Z-1-003/SDK_1.0.3_NUCLEO-F401RE/shared/Middle/sensor" -I"E:/HK2_Nam3/TTCS_THoa/SDK_1.0.3_NUCLEO-F401RE-20260119T004621Z-1-003/SDK_1.0.3_NUCLEO-F401RE/shared/Middle/serial" -I"E:/HK2_Nam3/TTCS_THoa/SDK_1.0.3_NUCLEO-F401RE-20260119T004621Z-1-003/SDK_1.0.3_NUCLEO-F401RE/shared/Middle/ucglib" -I"E:/HK2_Nam3/TTCS_THoa/SDK_1.0.3_NUCLEO-F401RE-20260119T004621Z-1-003/SDK_1.0.3_NUCLEO-F401RE/shared/Utilities" -O0 -ffunction-sections -fdata-sections -Wall -fstack-usage -MMD -MP -MF"SDK_1.0.3_NUCLEO-F401RE/shared/Drivers/CMSIS/Source/system_stm32f4xx.d" -MT"SDK_1.0.3_NUCLEO-F401RE/shared/Drivers/CMSIS/Source/system_stm32f4xx.o" --specs=nano.specs -mfpu=fpv4-sp-d16 -mfloat-abi=hard -mthumb -o "SDK_1.0.3_NUCLEO-F401RE/shared/Drivers/CMSIS/Source/system_stm32f4xx.o"
arm-none-eabi-gcc -o "Nhom2_GPIO.elf" @"objects.list"  -lLibraries -mcpu=cortex-m4 -T"C:\Users\TUAN ANH\STM32CubeIDE\workspace_1.7.0\Day4\Nhom2_GPIO\STM32F401RETX_FLASH.ld" --specs=nosys.specs -Wl,-Map="Nhom2_GPIO.map" -Wl,--gc-sections -static -L"E:\HK2_Nam3\TTCS_THoa\SDK_1.0.3_NUCLEO-F401RE-20260119T004621Z-1-003\SDK_1.0.3_NUCLEO-F401RE\lib_stm" --specs=nano.specs -mfpu=fpv4-sp-d16 -mfloat-abi=hard -mthumb -Wl,--start-group -lc -lm -Wl,--end-group
Finished building target: Nhom2_GPIO.elf
 
arm-none-eabi-size   Nhom2_GPIO.elf 
arm-none-eabi-objdump -h -S  Nhom2_GPIO.elf  > "Nhom2_GPIO.list"
arm-none-eabi-objcopy  -O binary  Nhom2_GPIO.elf  "Nhom2_GPIO.bin"
   text	   data	    bss	    dec	    hex	filename
   1624	      8	   1568	   3200	    c80	Nhom2_GPIO.elf
Finished building: default.size.stdout
 
Finished building: Nhom2_GPIO.bin
Finished building: Nhom2_GPIO.list
 
 
09:37:50 **** Incremental Build of configuration Debug for project Nhom2_GPIO ****
make -j12 all 
arm-none-eabi-size   Nhom2_GPIO.elf 
   text	   data	    bss	    dec	    hex	filename
   1624	      8	   1568	   3200	    c80	Nhom2_GPIO.elf
Finished building: default.size.stdout
 
